{"timestamp": "2026-02-14T00:51:35.433249+00:00", "level": "INFO", "name": "app.routers.class_enrollment", "message": "Fetching classes for user 51", "user_id": 51, "logger": "app.routers.class_enrollment"}
{"timestamp": "2026-02-14T00:51:35.433249+00:00", "level": "INFO", "name": "app.routers.class_enrollment", "message": "Fetching classes for user 51", "user_id": 51, "logger": "app.routers.class_enrollment"}
{"timestamp": "2026-02-14T00:51:35.481602+00:00", "level": "INFO", "name": "app.routers.class_enrollment", "message": "User 51 enrolled in 1 classes", "user_id": 51, "enrollment_count": 1, "logger": "app.routers.class_enrollment"}
{"timestamp": "2026-02-14T00:51:35.481602+00:00", "level": "INFO", "name": "app.routers.class_enrollment", "message": "User 51 enrolled in 1 classes", "user_id": 51, "enrollment_count": 1, "logger": "app.routers.class_enrollment"}
{"timestamp": "2026-02-14T00:51:35.503318+00:00", "level": "INFO", "name": "app.services.logging_service", "message": "Activity: view_enrolled_classes by user 51", "activity_type": "view_enrolled_classes", "user_id": 51, "course_id": null, "logger": "app.services.logging_service"}
{"timestamp": "2026-02-14T00:51:35.503318+00:00", "level": "INFO", "name": "app.services.logging_service", "message": "Activity: view_enrolled_classes by user 51", "activity_type": "view_enrolled_classes", "user_id": 51, "course_id": null, "logger": "app.services.logging_service"}
{"timestamp": "2026-02-14T00:51:35.518778+00:00", "level": "INFO", "name": "app.services.logging_service", "message": "Audit: user_classes_retrieved by user anonymous", "action": "user_classes_retrieved", "user_id": null, "resource_type": "enrollment", "resource_id": null, "logger": "app.services.logging_service"}
{"timestamp": "2026-02-14T00:51:35.518778+00:00", "level": "INFO", "name": "app.services.logging_service", "message": "Audit: user_classes_retrieved by user anonymous", "action": "user_classes_retrieved", "user_id": null, "resource_type": "enrollment", "resource_id": null, "logger": "app.services.logging_service"}
{"timestamp": "2026-02-14T00:51:35.546365+00:00", "level": "INFO", "name": "app.routers.class_enrollment", "message": "Fetching classes for user 51", "user_id": 51, "logger": "app.routers.class_enrollment"}
{"timestamp": "2026-02-14T00:51:35.546365+00:00", "level": "INFO", "name": "app.routers.class_enrollment", "message": "Fetching classes for user 51", "user_id": 51, "logger": "app.routers.class_enrollment"}
{"timestamp": "2026-02-14T00:51:35.552384+00:00", "level": "INFO", "name": "app.routers.class_enrollment", "message": "User 51 enrolled in 1 classes", "user_id": 51, "enrollment_count": 1, "logger": "app.routers.class_enrollment"}
{"timestamp": "2026-02-14T00:51:35.552384+00:00", "level": "INFO", "name": "app.routers.class_enrollment", "message": "User 51 enrolled in 1 classes", "user_id": 51, "enrollment_count": 1, "logger": "app.routers.class_enrollment"}
{"timestamp": "2026-02-14T00:51:35.558586+00:00", "level": "INFO", "name": "app.services.logging_service", "message": "Activity: view_enrolled_classes by user 51", "activity_type": "view_enrolled_classes", "user_id": 51, "course_id": null, "logger": "app.services.logging_service"}
{"timestamp": "2026-02-14T00:51:35.558586+00:00", "level": "INFO", "name": "app.services.logging_service", "message": "Activity: view_enrolled_classes by user 51", "activity_type": "view_enrolled_classes", "user_id": 51, "course_id": null, "logger": "app.services.logging_service"}
{"timestamp": "2026-02-14T00:51:35.564660+00:00", "level": "INFO", "name": "app.services.logging_service", "message": "Audit: user_classes_retrieved by user anonymous", "action": "user_classes_retrieved", "user_id": null, "resource_type": "enrollment", "resource_id": null, "logger": "app.services.logging_service"}
{"timestamp": "2026-02-14T00:51:35.564660+00:00", "level": "INFO", "name": "app.services.logging_service", "message": "Audit: user_classes_retrieved by user anonymous", "action": "user_classes_retrieved", "user_id": null, "resource_type": "enrollment", "resource_id": null, "logger": "app.services.logging_service"}
{"timestamp": "2026-02-14T02:20:06.145141+00:00", "level": "INFO", "name": "app.routers.auth", "message": "Login attempt for email: ciara@gmail.com", "email": "ciara@gmail.com", "logger": "app.routers.auth"}
{"timestamp": "2026-02-14T02:20:06.145141+00:00", "level": "INFO", "name": "app.routers.auth", "message": "Login attempt for email: ciara@gmail.com", "email": "ciara@gmail.com", "logger": "app.routers.auth"}
{"timestamp": "2026-02-14T02:20:06.719219+00:00", "level": "INFO", "name": "app.routers.auth", "message": "Login successful: ciara@gmail.com (ID: 51)", "user_id": 51, "email": "ciara@gmail.com", "role": "student", "logger": "app.routers.auth"}
{"timestamp": "2026-02-14T02:20:06.719219+00:00", "level": "INFO", "name": "app.routers.auth", "message": "Login successful: ciara@gmail.com (ID: 51)", "user_id": 51, "email": "ciara@gmail.com", "role": "student", "logger": "app.routers.auth"}
{"timestamp": "2026-02-14T02:20:06.731324+00:00", "level": "INFO", "name": "app.services.logging_service", "message": "Activity: login by user 51", "activity_type": "login", "user_id": 51, "course_id": null, "logger": "app.services.logging_service"}
{"timestamp": "2026-02-14T02:20:06.731324+00:00", "level": "INFO", "name": "app.services.logging_service", "message": "Activity: login by user 51", "activity_type": "login", "user_id": 51, "course_id": null, "logger": "app.services.logging_service"}
{"timestamp": "2026-02-14T02:20:06.755443+00:00", "level": "INFO", "name": "app.services.logging_service", "message": "Audit: login_success by user 51", "action": "login_success", "user_id": 51, "resource_type": "auth", "resource_id": null, "logger": "app.services.logging_service"}
{"timestamp": "2026-02-14T02:20:06.755443+00:00", "level": "INFO", "name": "app.services.logging_service", "message": "Audit: login_success by user 51", "action": "login_success", "user_id": 51, "resource_type": "auth", "resource_id": null, "logger": "app.services.logging_service"}
{"timestamp": "2026-02-14T02:20:06.959404+00:00", "level": "INFO", "name": "app.routers.class_enrollment", "message": "Fetching classes for user 51", "user_id": 51, "logger": "app.routers.class_enrollment"}
{"timestamp": "2026-02-14T02:20:06.959404+00:00", "level": "INFO", "name": "app.routers.class_enrollment", "message": "Fetching classes for user 51", "user_id": 51, "logger": "app.routers.class_enrollment"}
{"timestamp": "2026-02-14T02:20:06.992996+00:00", "level": "INFO", "name": "app.routers.class_enrollment", "message": "User 51 enrolled in 1 classes", "user_id": 51, "enrollment_count": 1, "logger": "app.routers.class_enrollment"}
{"timestamp": "2026-02-14T02:20:06.992996+00:00", "level": "INFO", "name": "app.routers.class_enrollment", "message": "User 51 enrolled in 1 classes", "user_id": 51, "enrollment_count": 1, "logger": "app.routers.class_enrollment"}
{"timestamp": "2026-02-14T02:20:06.998871+00:00", "level": "INFO", "name": "app.services.logging_service", "message": "Activity: view_enrolled_classes by user 51", "activity_type": "view_enrolled_classes", "user_id": 51, "course_id": null, "logger": "app.services.logging_service"}
{"timestamp": "2026-02-14T02:20:06.998871+00:00", "level": "INFO", "name": "app.services.logging_service", "message": "Activity: view_enrolled_classes by user 51", "activity_type": "view_enrolled_classes", "user_id": 51, "course_id": null, "logger": "app.services.logging_service"}
{"timestamp": "2026-02-14T02:20:07.004544+00:00", "level": "INFO", "name": "app.services.logging_service", "message": "Audit: user_classes_retrieved by user anonymous", "action": "user_classes_retrieved", "user_id": null, "resource_type": "enrollment", "resource_id": null, "logger": "app.services.logging_service"}
{"timestamp": "2026-02-14T02:20:07.004544+00:00", "level": "INFO", "name": "app.services.logging_service", "message": "Audit: user_classes_retrieved by user anonymous", "action": "user_classes_retrieved", "user_id": null, "resource_type": "enrollment", "resource_id": null, "logger": "app.services.logging_service"}
{"timestamp": "2026-02-14T02:20:07.031981+00:00", "level": "INFO", "name": "app.routers.class_enrollment", "message": "Fetching classes for user 51", "user_id": 51, "logger": "app.routers.class_enrollment"}
{"timestamp": "2026-02-14T02:20:07.031981+00:00", "level": "INFO", "name": "app.routers.class_enrollment", "message": "Fetching classes for user 51", "user_id": 51, "logger": "app.routers.class_enrollment"}
{"timestamp": "2026-02-14T02:20:07.038238+00:00", "level": "INFO", "name": "app.routers.class_enrollment", "message": "User 51 enrolled in 1 classes", "user_id": 51, "enrollment_count": 1, "logger": "app.routers.class_enrollment"}
{"timestamp": "2026-02-14T02:20:07.038238+00:00", "level": "INFO", "name": "app.routers.class_enrollment", "message": "User 51 enrolled in 1 classes", "user_id": 51, "enrollment_count": 1, "logger": "app.routers.class_enrollment"}
{"timestamp": "2026-02-14T02:20:07.043276+00:00", "level": "INFO", "name": "app.services.logging_service", "message": "Activity: view_enrolled_classes by user 51", "activity_type": "view_enrolled_classes", "user_id": 51, "course_id": null, "logger": "app.services.logging_service"}
{"timestamp": "2026-02-14T02:20:07.043276+00:00", "level": "INFO", "name": "app.services.logging_service", "message": "Activity: view_enrolled_classes by user 51", "activity_type": "view_enrolled_classes", "user_id": 51, "course_id": null, "logger": "app.services.logging_service"}
{"timestamp": "2026-02-14T02:20:07.049633+00:00", "level": "INFO", "name": "app.services.logging_service", "message": "Audit: user_classes_retrieved by user anonymous", "action": "user_classes_retrieved", "user_id": null, "resource_type": "enrollment", "resource_id": null, "logger": "app.services.logging_service"}
{"timestamp": "2026-02-14T02:20:07.049633+00:00", "level": "INFO", "name": "app.services.logging_service", "message": "Audit: user_classes_retrieved by user anonymous", "action": "user_classes_retrieved", "user_id": null, "resource_type": "enrollment", "resource_id": null, "logger": "app.services.logging_service"}
{"timestamp": "2026-02-14T03:49:22.371778+00:00", "level": "INFO", "name": "app.routers.class_enrollment", "message": "Fetching classes for user 51", "user_id": 51, "logger": "app.routers.class_enrollment"}
{"timestamp": "2026-02-14T03:49:22.371778+00:00", "level": "INFO", "name": "app.routers.class_enrollment", "message": "Fetching classes for user 51", "user_id": 51, "logger": "app.routers.class_enrollment"}
{"timestamp": "2026-02-14T03:49:22.577722+00:00", "level": "INFO", "name": "app.routers.class_enrollment", "message": "User 51 enrolled in 1 classes", "user_id": 51, "enrollment_count": 1, "logger": "app.routers.class_enrollment"}
{"timestamp": "2026-02-14T03:49:22.577722+00:00", "level": "INFO", "name": "app.routers.class_enrollment", "message": "User 51 enrolled in 1 classes", "user_id": 51, "enrollment_count": 1, "logger": "app.routers.class_enrollment"}
{"timestamp": "2026-02-14T03:49:22.591715+00:00", "level": "INFO", "name": "app.services.logging_service", "message": "Activity: view_enrolled_classes by user 51", "activity_type": "view_enrolled_classes", "user_id": 51, "course_id": null, "logger": "app.services.logging_service"}
{"timestamp": "2026-02-14T03:49:22.591715+00:00", "level": "INFO", "name": "app.services.logging_service", "message": "Activity: view_enrolled_classes by user 51", "activity_type": "view_enrolled_classes", "user_id": 51, "course_id": null, "logger": "app.services.logging_service"}
{"timestamp": "2026-02-14T03:49:22.613817+00:00", "level": "INFO", "name": "app.services.logging_service", "message": "Audit: user_classes_retrieved by user anonymous", "action": "user_classes_retrieved", "user_id": null, "resource_type": "enrollment", "resource_id": null, "logger": "app.services.logging_service"}
{"timestamp": "2026-02-14T03:49:22.613817+00:00", "level": "INFO", "name": "app.services.logging_service", "message": "Audit: user_classes_retrieved by user anonymous", "action": "user_classes_retrieved", "user_id": null, "resource_type": "enrollment", "resource_id": null, "logger": "app.services.logging_service"}
{"timestamp": "2026-02-14T03:49:22.643254+00:00", "level": "INFO", "name": "app.routers.class_enrollment", "message": "Fetching classes for user 51", "user_id": 51, "logger": "app.routers.class_enrollment"}
{"timestamp": "2026-02-14T03:49:22.643254+00:00", "level": "INFO", "name": "app.routers.class_enrollment", "message": "Fetching classes for user 51", "user_id": 51, "logger": "app.routers.class_enrollment"}
{"timestamp": "2026-02-14T03:49:22.650967+00:00", "level": "INFO", "name": "app.routers.class_enrollment", "message": "User 51 enrolled in 1 classes", "user_id": 51, "enrollment_count": 1, "logger": "app.routers.class_enrollment"}
{"timestamp": "2026-02-14T03:49:22.650967+00:00", "level": "INFO", "name": "app.routers.class_enrollment", "message": "User 51 enrolled in 1 classes", "user_id": 51, "enrollment_count": 1, "logger": "app.routers.class_enrollment"}
{"timestamp": "2026-02-14T03:49:22.656003+00:00", "level": "INFO", "name": "app.services.logging_service", "message": "Activity: view_enrolled_classes by user 51", "activity_type": "view_enrolled_classes", "user_id": 51, "course_id": null, "logger": "app.services.logging_service"}
{"timestamp": "2026-02-14T03:49:22.656003+00:00", "level": "INFO", "name": "app.services.logging_service", "message": "Activity: view_enrolled_classes by user 51", "activity_type": "view_enrolled_classes", "user_id": 51, "course_id": null, "logger": "app.services.logging_service"}
{"timestamp": "2026-02-14T03:49:22.662817+00:00", "level": "INFO", "name": "app.services.logging_service", "message": "Audit: user_classes_retrieved by user anonymous", "action": "user_classes_retrieved", "user_id": null, "resource_type": "enrollment", "resource_id": null, "logger": "app.services.logging_service"}
{"timestamp": "2026-02-14T03:49:22.662817+00:00", "level": "INFO", "name": "app.services.logging_service", "message": "Audit: user_classes_retrieved by user anonymous", "action": "user_classes_retrieved", "user_id": null, "resource_type": "enrollment", "resource_id": null, "logger": "app.services.logging_service"}
{"timestamp": "2026-02-14T06:13:53.034534+00:00", "level": "INFO", "name": "app.routers.class_enrollment", "message": "Fetching classes for user 51", "user_id": 51, "logger": "app.routers.class_enrollment"}
{"timestamp": "2026-02-14T06:13:53.034534+00:00", "level": "INFO", "name": "app.routers.class_enrollment", "message": "Fetching classes for user 51", "user_id": 51, "logger": "app.routers.class_enrollment"}
{"timestamp": "2026-02-14T06:13:53.077171+00:00", "level": "INFO", "name": "app.routers.class_enrollment", "message": "User 51 enrolled in 1 classes", "user_id": 51, "enrollment_count": 1, "logger": "app.routers.class_enrollment"}
{"timestamp": "2026-02-14T06:13:53.077171+00:00", "level": "INFO", "name": "app.routers.class_enrollment", "message": "User 51 enrolled in 1 classes", "user_id": 51, "enrollment_count": 1, "logger": "app.routers.class_enrollment"}
{"timestamp": "2026-02-14T06:13:53.089146+00:00", "level": "INFO", "name": "app.services.logging_service", "message": "Activity: view_enrolled_classes by user 51", "activity_type": "view_enrolled_classes", "user_id": 51, "course_id": null, "logger": "app.services.logging_service"}
{"timestamp": "2026-02-14T06:13:53.089146+00:00", "level": "INFO", "name": "app.services.logging_service", "message": "Activity: view_enrolled_classes by user 51", "activity_type": "view_enrolled_classes", "user_id": 51, "course_id": null, "logger": "app.services.logging_service"}
{"timestamp": "2026-02-14T06:13:53.096897+00:00", "level": "INFO", "name": "app.services.logging_service", "message": "Audit: user_classes_retrieved by user anonymous", "action": "user_classes_retrieved", "user_id": null, "resource_type": "enrollment", "resource_id": null, "logger": "app.services.logging_service"}
{"timestamp": "2026-02-14T06:13:53.096897+00:00", "level": "INFO", "name": "app.services.logging_service", "message": "Audit: user_classes_retrieved by user anonymous", "action": "user_classes_retrieved", "user_id": null, "resource_type": "enrollment", "resource_id": null, "logger": "app.services.logging_service"}
{"timestamp": "2026-02-14T06:13:53.119554+00:00", "level": "INFO", "name": "app.routers.class_enrollment", "message": "Fetching classes for user 51", "user_id": 51, "logger": "app.routers.class_enrollment"}
{"timestamp": "2026-02-14T06:13:53.119554+00:00", "level": "INFO", "name": "app.routers.class_enrollment", "message": "Fetching classes for user 51", "user_id": 51, "logger": "app.routers.class_enrollment"}
{"timestamp": "2026-02-14T06:13:53.127684+00:00", "level": "INFO", "name": "app.routers.class_enrollment", "message": "User 51 enrolled in 1 classes", "user_id": 51, "enrollment_count": 1, "logger": "app.routers.class_enrollment"}
{"timestamp": "2026-02-14T06:13:53.127684+00:00", "level": "INFO", "name": "app.routers.class_enrollment", "message": "User 51 enrolled in 1 classes", "user_id": 51, "enrollment_count": 1, "logger": "app.routers.class_enrollment"}
{"timestamp": "2026-02-14T06:13:53.133318+00:00", "level": "INFO", "name": "app.services.logging_service", "message": "Activity: view_enrolled_classes by user 51", "activity_type": "view_enrolled_classes", "user_id": 51, "course_id": null, "logger": "app.services.logging_service"}
{"timestamp": "2026-02-14T06:13:53.133318+00:00", "level": "INFO", "name": "app.services.logging_service", "message": "Activity: view_enrolled_classes by user 51", "activity_type": "view_enrolled_classes", "user_id": 51, "course_id": null, "logger": "app.services.logging_service"}
{"timestamp": "2026-02-14T06:13:53.139500+00:00", "level": "INFO", "name": "app.services.logging_service", "message": "Audit: user_classes_retrieved by user anonymous", "action": "user_classes_retrieved", "user_id": null, "resource_type": "enrollment", "resource_id": null, "logger": "app.services.logging_service"}
{"timestamp": "2026-02-14T06:13:53.139500+00:00", "level": "INFO", "name": "app.services.logging_service", "message": "Audit: user_classes_retrieved by user anonymous", "action": "user_classes_retrieved", "user_id": null, "resource_type": "enrollment", "resource_id": null, "logger": "app.services.logging_service"}
